// Jest Snapshot v1, https://goo.gl/fbAQLP

exports[`BoxFactory renders correctly 1`] = `
<div
  className="StyledBox-sc-13pk1d4-0 hlxvTc"
>
  <p>
    Test content
  </p>
</div>
`;
