// Jest Snapshot v1, https://goo.gl/fbAQLP

exports[`MainContainer renders correctly 1`] = `
<div
  className="sc-AxjAm kVvkxP"
>
  <h2>
    Hello there:
  </h2>
  <h3>
    User
  </h3>
</div>
`;
