// Jest Snapshot v1, https://goo.gl/fbAQLP

exports[`NotFoundContainer renders correctly 1`] = `
<div
  className="StyledBox-sc-13pk1d4-0 bZxUit"
>
  <h2>
    404 - Page not found
  </h2>
  <p>
    Please enter correct url
  </p>
</div>
`;
