// Jest Snapshot v1, https://goo.gl/fbAQLP

exports[`SimpleWidget renders correctly 1`] = `
<div
  className=""
/>
`;
